// Jest Snapshot v1, https://goo.gl/fbAQLP

exports[`App component renders App 1`] = `
<DocumentFragment>
  <a
    href="/character/5da237699734fdcb7bef8f54"
  >
    <figure
      class="CharacterItem"
    >
      <img
        src="https://vignette.wikia.nocookie.net/heyarnold/images/d/d9/Mitzi.png/revision/latest/scale-to-width-down/310?cb=20171212070331"
      />
      <figcaption>
        <h1>
          Mitzi
        </h1>
      </figcaption>
    </figure>
  </a>
</DocumentFragment>
`;
